Archive member included to satisfy reference by file (symbol)

c:/st/stm32cubeide_1.0.2/stm32cubeide/plugins/com.st.stm32cube.ide.mcu.externaltools.gnu-tools-for-stm32.7-2018-q2-update.win32_1.4.0.202007081208/tools/bin/../lib/gcc/arm-none-eabi/7.3.1/../../../../arm-none-eabi/lib/thumb/v7-m\libc_nano.a(lib_a-errno.o)
                              Core/Src/syscalls.o (__errno)
c:/st/stm32cubeide_1.0.2/stm32cubeide/plugins/com.st.stm32cube.ide.mcu.externaltools.gnu-tools-for-stm32.7-2018-q2-update.win32_1.4.0.202007081208/tools/bin/../lib/gcc/arm-none-eabi/7.3.1/../../../../arm-none-eabi/lib/thumb/v7-m\libc_nano.a(lib_a-exit.o)
                              c:/st/stm32cubeide_1.0.2/stm32cubeide/plugins/com.st.stm32cube.ide.mcu.externaltools.gnu-tools-for-stm32.7-2018-q2-update.win32_1.4.0.202007081208/tools/bin/../lib/gcc/arm-none-eabi/7.3.1/../../../../arm-none-eabi/lib/thumb/v7-m/crt0.o (exit)
c:/st/stm32cubeide_1.0.2/stm32cubeide/plugins/com.st.stm32cube.ide.mcu.externaltools.gnu-tools-for-stm32.7-2018-q2-update.win32_1.4.0.202007081208/tools/bin/../lib/gcc/arm-none-eabi/7.3.1/../../../../arm-none-eabi/lib/thumb/v7-m\libc_nano.a(lib_a-impure.o)
                              c:/st/stm32cubeide_1.0.2/stm32cubeide/plugins/com.st.stm32cube.ide.mcu.externaltools.gnu-tools-for-stm32.7-2018-q2-update.win32_1.4.0.202007081208/tools/bin/../lib/gcc/arm-none-eabi/7.3.1/../../../../arm-none-eabi/lib/thumb/v7-m\libc_nano.a(lib_a-exit.o) (_global_impure_ptr)
c:/st/stm32cubeide_1.0.2/stm32cubeide/plugins/com.st.stm32cube.ide.mcu.externaltools.gnu-tools-for-stm32.7-2018-q2-update.win32_1.4.0.202007081208/tools/bin/../lib/gcc/arm-none-eabi/7.3.1/../../../../arm-none-eabi/lib/thumb/v7-m\libc_nano.a(lib_a-init.o)
                              c:/st/stm32cubeide_1.0.2/stm32cubeide/plugins/com.st.stm32cube.ide.mcu.externaltools.gnu-tools-for-stm32.7-2018-q2-update.win32_1.4.0.202007081208/tools/bin/../lib/gcc/arm-none-eabi/7.3.1/../../../../arm-none-eabi/lib/thumb/v7-m/crt0.o (__libc_init_array)
c:/st/stm32cubeide_1.0.2/stm32cubeide/plugins/com.st.stm32cube.ide.mcu.externaltools.gnu-tools-for-stm32.7-2018-q2-update.win32_1.4.0.202007081208/tools/bin/../lib/gcc/arm-none-eabi/7.3.1/../../../../arm-none-eabi/lib/thumb/v7-m\libc_nano.a(lib_a-memset.o)
                              c:/st/stm32cubeide_1.0.2/stm32cubeide/plugins/com.st.stm32cube.ide.mcu.externaltools.gnu-tools-for-stm32.7-2018-q2-update.win32_1.4.0.202007081208/tools/bin/../lib/gcc/arm-none-eabi/7.3.1/../../../../arm-none-eabi/lib/thumb/v7-m/crt0.o (memset)

Discarded input sections

 .text          0x0000000000000000        0x0 c:/st/stm32cubeide_1.0.2/stm32cubeide/plugins/com.st.stm32cube.ide.mcu.externaltools.gnu-tools-for-stm32.7-2018-q2-update.win32_1.4.0.202007081208/tools/bin/../lib/gcc/arm-none-eabi/7.3.1/thumb/v7-m/crti.o
 .data          0x0000000000000000        0x0 c:/st/stm32cubeide_1.0.2/stm32cubeide/plugins/com.st.stm32cube.ide.mcu.externaltools.gnu-tools-for-stm32.7-2018-q2-update.win32_1.4.0.202007081208/tools/bin/../lib/gcc/arm-none-eabi/7.3.1/thumb/v7-m/crti.o
 .bss           0x0000000000000000        0x0 c:/st/stm32cubeide_1.0.2/stm32cubeide/plugins/com.st.stm32cube.ide.mcu.externaltools.gnu-tools-for-stm32.7-2018-q2-update.win32_1.4.0.202007081208/tools/bin/../lib/gcc/arm-none-eabi/7.3.1/thumb/v7-m/crti.o
 .data          0x0000000000000000        0x4 c:/st/stm32cubeide_1.0.2/stm32cubeide/plugins/com.st.stm32cube.ide.mcu.externaltools.gnu-tools-for-stm32.7-2018-q2-update.win32_1.4.0.202007081208/tools/bin/../lib/gcc/arm-none-eabi/7.3.1/thumb/v7-m/crtbegin.o
 .text          0x0000000000000000       0x74 c:/st/stm32cubeide_1.0.2/stm32cubeide/plugins/com.st.stm32cube.ide.mcu.externaltools.gnu-tools-for-stm32.7-2018-q2-update.win32_1.4.0.202007081208/tools/bin/../lib/gcc/arm-none-eabi/7.3.1/../../../../arm-none-eabi/lib/thumb/v7-m/crt0.o
 .data          0x0000000000000000        0x0 c:/st/stm32cubeide_1.0.2/stm32cubeide/plugins/com.st.stm32cube.ide.mcu.externaltools.gnu-tools-for-stm32.7-2018-q2-update.win32_1.4.0.202007081208/tools/bin/../lib/gcc/arm-none-eabi/7.3.1/../../../../arm-none-eabi/lib/thumb/v7-m/crt0.o
 .bss           0x0000000000000000        0x0 c:/st/stm32cubeide_1.0.2/stm32cubeide/plugins/com.st.stm32cube.ide.mcu.externaltools.gnu-tools-for-stm32.7-2018-q2-update.win32_1.4.0.202007081208/tools/bin/../lib/gcc/arm-none-eabi/7.3.1/../../../../arm-none-eabi/lib/thumb/v7-m/crt0.o
 .ARM.extab     0x0000000000000000        0x0 c:/st/stm32cubeide_1.0.2/stm32cubeide/plugins/com.st.stm32cube.ide.mcu.externaltools.gnu-tools-for-stm32.7-2018-q2-update.win32_1.4.0.202007081208/tools/bin/../lib/gcc/arm-none-eabi/7.3.1/../../../../arm-none-eabi/lib/thumb/v7-m/crt0.o
[...]
Memory Configuration

Name             Origin             Length             Attributes
RAM              0x0000000020000000 0x0000000000005000 xrw
FLASH            0x0000000008000000 0x0000000000010000 xr
*default*        0x0000000000000000 0xffffffffffffffff

Linker script and memory map

LOAD c:/st/stm32cubeide_1.0.2/stm32cubeide/plugins/com.st.stm32cube.ide.mcu.externaltools.gnu-tools-for-stm32.7-2018-q2-update.win32_1.4.0.202007081208/tools/bin/../lib/gcc/arm-none-eabi/7.3.1/thumb/v7-m/crti.o
LOAD c:/st/stm32cubeide_1.0.2/stm32cubeide/plugins/com.st.stm32cube.ide.mcu.externaltools.gnu-tools-for-stm32.7-2018-q2-update.win32_1.4.0.202007081208/tools/bin/../lib/gcc/arm-none-eabi/7.3.1/thumb/v7-m/crtbegin.o
LOAD c:/st/stm32cubeide_1.0.2/stm32cubeide/plugins/com.st.stm32cube.ide.mcu.externaltools.gnu-tools-for-stm32.7-2018-q2-update.win32_1.4.0.202007081208/tools/bin/../lib/gcc/arm-none-eabi/7.3.1/../../../../arm-none-eabi/lib/thumb/v7-m/crt0.o
LOAD Core/Src/gpio.o
LOAD Core/Src/main.o
LOAD Core/Src/stm32f1xx_it.o
LOAD Core/Src/syscalls.o
LOAD Core/Src/sysmem.o
LOAD Core/Src/system_stm32f1xx.o
LOAD Core/Src/tim.o
LOAD Core/Startup/startup_stm32f103c8tx.o
LOAD Drivers/STM32F1xx_HAL_Driver/Src/stm32f1xx_ll_dma.o
LOAD Drivers/STM32F1xx_HAL_Driver/Src/stm32f1xx_ll_exti.o
LOAD Drivers/STM32F1xx_HAL_Driver/Src/stm32f1xx_ll_gpio.o
LOAD Drivers/STM32F1xx_HAL_Driver/Src/stm32f1xx_ll_pwr.o
LOAD Drivers/STM32F1xx_HAL_Driver/Src/stm32f1xx_ll_rcc.o
LOAD Drivers/STM32F1xx_HAL_Driver/Src/stm32f1xx_ll_tim.o
LOAD Drivers/STM32F1xx_HAL_Driver/Src/stm32f1xx_ll_utils.o
START GROUP
LOAD c:/st/stm32cubeide_1.0.2/stm32cubeide/plugins/com.st.stm32cube.ide.mcu.externaltools.gnu-tools-for-stm32.7-2018-q2-update.win32_1.4.0.202007081208/tools/bin/../lib/gcc/arm-none-eabi/7.3.1/../../../../arm-none-eabi/lib/thumb/v7-m\libc_nano.a
LOAD c:/st/stm32cubeide_1.0.2/stm32cubeide/plugins/com.st.stm32cube.ide.mcu.externaltools.gnu-tools-for-stm32.7-2018-q2-update.win32_1.4.0.202007081208/tools/bin/../lib/gcc/arm-none-eabi/7.3.1/../../../../arm-none-eabi/lib/thumb/v7-m\libm.a
END GROUP
START GROUP
LOAD c:/st/stm32cubeide_1.0.2/stm32cubeide/plugins/com.st.stm32cube.ide.mcu.externaltools.gnu-tools-for-stm32.7-2018-q2-update.win32_1.4.0.202007081208/tools/bin/../lib/gcc/arm-none-eabi/7.3.1/thumb/v7-m\libgcc.a
LOAD c:/st/stm32cubeide_1.0.2/stm32cubeide/plugins/com.st.stm32cube.ide.mcu.externaltools.gnu-tools-for-stm32.7-2018-q2-update.win32_1.4.0.202007081208/tools/bin/../lib/gcc/arm-none-eabi/7.3.1/../../../../arm-none-eabi/lib/thumb/v7-m\libc_nano.a
END GROUP
START GROUP
LOAD c:/st/stm32cubeide_1.0.2/stm32cubeide/plugins/com.st.stm32cube.ide.mcu.externaltools.gnu-tools-for-stm32.7-2018-q2-update.win32_1.4.0.202007081208/tools/bin/../lib/gcc/arm-none-eabi/7.3.1/thumb/v7-m\libgcc.a
LOAD c:/st/stm32cubeide_1.0.2/stm32cubeide/plugins/com.st.stm32cube.ide.mcu.externaltools.gnu-tools-for-stm32.7-2018-q2-update.win32_1.4.0.202007081208/tools/bin/../lib/gcc/arm-none-eabi/7.3.1/../../../../arm-none-eabi/lib/thumb/v7-m\libc_nano.a
LOAD c:/st/stm32cubeide_1.0.2/stm32cubeide/plugins/com.st.stm32cube.ide.mcu.externaltools.gnu-tools-for-stm32.7-2018-q2-update.win32_1.4.0.202007081208/tools/bin/../lib/gcc/arm-none-eabi/7.3.1/../../../../arm-none-eabi/lib/thumb/v7-m\libnosys.a
END GROUP
START GROUP
LOAD c:/st/stm32cubeide_1.0.2/stm32cubeide/plugins/com.st.stm32cube.ide.mcu.externaltools.gnu-tools-for-stm32.7-2018-q2-update.win32_1.4.0.202007081208/tools/bin/../lib/gcc/arm-none-eabi/7.3.1/thumb/v7-m\libgcc.a
LOAD c:/st/stm32cubeide_1.0.2/stm32cubeide/plugins/com.st.stm32cube.ide.mcu.externaltools.gnu-tools-for-stm32.7-2018-q2-update.win32_1.4.0.202007081208/tools/bin/../lib/gcc/arm-none-eabi/7.3.1/../../../../arm-none-eabi/lib/thumb/v7-m\libc_nano.a
LOAD c:/st/stm32cubeide_1.0.2/stm32cubeide/plugins/com.st.stm32cube.ide.mcu.externaltools.gnu-tools-for-stm32.7-2018-q2-update.win32_1.4.0.202007081208/tools/bin/../lib/gcc/arm-none-eabi/7.3.1/../../../../arm-none-eabi/lib/thumb/v7-m\libnosys.a
END GROUP
LOAD c:/st/stm32cubeide_1.0.2/stm32cubeide/plugins/com.st.stm32cube.ide.mcu.externaltools.gnu-tools-for-stm32.7-2018-q2-update.win32_1.4.0.202007081208/tools/bin/../lib/gcc/arm-none-eabi/7.3.1/thumb/v7-m/crtend.o
LOAD c:/st/stm32cubeide_1.0.2/stm32cubeide/plugins/com.st.stm32cube.ide.mcu.externaltools.gnu-tools-for-stm32.7-2018-q2-update.win32_1.4.0.202007081208/tools/bin/../lib/gcc/arm-none-eabi/7.3.1/thumb/v7-m/crtn.o
                0x0000000020005000                _estack = (ORIGIN (RAM) + LENGTH (RAM))
                0x0000000000000200                _Min_Heap_Size = 0x200
                0x0000000000000400                _Min_Stack_Size = 0x400

.isr_vector     0x0000000008000000      0x10c
                0x0000000008000000                . = ALIGN (0x4)
 *(.isr_vector)
 .isr_vector    0x0000000008000000      0x10c Core/Startup/startup_stm32f103c8tx.o
                0x0000000008000000                g_pfnVectors
                0x000000000800010c                . = ALIGN (0x4)

.text           0x000000000800010c     0x29ac
                0x000000000800010c                . = ALIGN (0x4)
 *(.text)
 .text          0x000000000800010c       0x40 c:/st/stm32cubeide_1.0.2/stm32cubeide/plugins/com.st.stm32cube.ide.mcu.externaltools.gnu-tools-for-stm32.7-2018-q2-update.win32_1.4.0.202007081208/tools/bin/../lib/gcc/arm-none-eabi/7.3.1/thumb/v7-m/crtbegin.o
 *(.text*)
 .text.LL_APB2_GRP1_EnableClock
                0x000000000800014c       0x30 Core/Src/gpio.o
 .text.LL_GPIO_ResetOutputPin
                0x000000000800017c       0x1e Core/Src/gpio.o
 *fill*         0x000000000800019a        0x2 
 .text.MX_GPIO_Init
                0x000000000800019c       0xcc Core/Src/gpio.o
                0x000000000800019c                MX_GPIO_Init
 .text.__NVIC_SetPriorityGrouping
                0x0000000008000268       0x48 Core/Src/main.o
 .text.LL_RCC_HSI_Enable
                0x00000000080002b0       0x1c Core/Src/main.o
 .text.LL_RCC_HSI_IsReady
                0x00000000080002cc       0x24 Core/Src/main.o
 .text.LL_RCC_HSI_SetCalibTrimming
                0x00000000080002f0       0x28 Core/Src/main.o
 .text.LL_RCC_SetSysClkSource
                0x0000000008000318       0x28 Core/Src/main.o
 .text.LL_RCC_GetSysClkSource
                0x0000000008000340       0x18 Core/Src/main.o
 .text.LL_RCC_SetAHBPrescaler
                0x0000000008000358       0x28 Core/Src/main.o
 .text.LL_RCC_SetAPB1Prescaler
                0x0000000008000380       0x28 Core/Src/main.o
 .text.LL_RCC_SetAPB2Prescaler
                0x00000000080003a8       0x28 Core/Src/main.o
 .text.LL_APB1_GRP1_EnableClock
                0x00000000080003d0       0x30 Core/Src/main.o
 .text.LL_APB2_GRP1_EnableClock
                0x0000000008000400       0x30 Core/Src/main.o
 .text.LL_FLASH_SetLatency
                0x0000000008000430       0x28 Core/Src/main.o
 .text.LL_FLASH_GetLatency
                0x0000000008000458       0x18 Core/Src/main.o
 .text.LL_TIM_EnableCounter
                0x0000000008000470       0x1e Core/Src/main.o
 .text.LL_TIM_EnableIT_UPDATE
                0x000000000800048e       0x1e Core/Src/main.o
 .text.LL_GPIO_IsInputPinSet
                0x00000000080004ac       0x2c Core/Src/main.o
 .text.LL_GPIO_SetOutputPin
                0x00000000080004d8       0x1e Core/Src/main.o
 .text.LL_GPIO_ResetOutputPin
                0x00000000080004f6       0x1e Core/Src/main.o
 .text.LL_GPIO_AF_Remap_SWJ_NOJTAG
                0x0000000008000514       0x28 Core/Src/main.o
 .text.SetBand  0x000000000800053c     0x1c84 Core/Src/main.o
                0x000000000800053c                SetBand
 .text.main     0x00000000080021c0       0x44 Core/Src/main.o
                0x00000000080021c0                main
 .text.SystemClock_Config
                0x0000000008002204       0x64 Core/Src/main.o
                0x0000000008002204                SystemClock_Config
 .text.LL_TIM_ClearFlag_UPDATE
                0x0000000008002268       0x1a Core/Src/stm32f1xx_it.o
 .text.LL_TIM_IsActiveFlag_UPDATE
                0x0000000008002282       0x24 Core/Src/stm32f1xx_it.o
 .text.LL_GPIO_TogglePin
                0x00000000080022a6       0x24 Core/Src/stm32f1xx_it.o
 .text.NMI_Handler
                0x00000000080022ca        0xc Core/Src/stm32f1xx_it.o
                0x00000000080022ca                NMI_Handler
 .text.HardFault_Handler
                0x00000000080022d6        0x6 Core/Src/stm32f1xx_it.o
                0x00000000080022d6                HardFault_Handler
 .text.MemManage_Handler
                0x00000000080022dc        0x6 Core/Src/stm32f1xx_it.o
                0x00000000080022dc                MemManage_Handler
 .text.BusFault_Handler
                0x00000000080022e2        0x6 Core/Src/stm32f1xx_it.o
                0x00000000080022e2                BusFault_Handler
 .text.UsageFault_Handler
                0x00000000080022e8        0x6 Core/Src/stm32f1xx_it.o
                0x00000000080022e8                UsageFault_Handler
 .text.SVC_Handler
                0x00000000080022ee        0xc Core/Src/stm32f1xx_it.o
                0x00000000080022ee                SVC_Handler
 .text.DebugMon_Handler
                0x00000000080022fa        0xc Core/Src/stm32f1xx_it.o
                0x00000000080022fa                DebugMon_Handler
 .text.PendSV_Handler
                0x0000000008002306        0xc Core/Src/stm32f1xx_it.o
                0x0000000008002306                PendSV_Handler
 .text.SysTick_Handler
                0x0000000008002312        0xc Core/Src/stm32f1xx_it.o
                0x0000000008002312                SysTick_Handler
 *fill*         0x000000000800231e        0x2 
 .text.TIM4_IRQHandler
                0x0000000008002320       0x30 Core/Src/stm32f1xx_it.o
                0x0000000008002320                TIM4_IRQHandler
 .text.SystemInit
                0x0000000008002350       0x68 Core/Src/system_stm32f1xx.o
                0x0000000008002350                SystemInit
 .text.__NVIC_GetPriorityGrouping
                0x00000000080023b8       0x1c Core/Src/tim.o
 .text.__NVIC_EnableIRQ
                0x00000000080023d4       0x38 Core/Src/tim.o
 .text.__NVIC_SetPriority
                0x000000000800240c       0x54 Core/Src/tim.o
 .text.NVIC_EncodePriority
                0x0000000008002460       0x64 Core/Src/tim.o
 .text.LL_APB1_GRP1_EnableClock
                0x00000000080024c4       0x30 Core/Src/tim.o
 .text.LL_TIM_EnableARRPreload
                0x00000000080024f4       0x1e Core/Src/tim.o
 .text.LL_TIM_SetClockSource
                0x0000000008002512       0x28 Core/Src/tim.o
 .text.LL_TIM_SetTriggerOutput
                0x000000000800253a       0x24 Core/Src/tim.o
 .text.LL_TIM_DisableMasterSlaveMode
                0x000000000800255e       0x1e Core/Src/tim.o
 .text.MX_TIM4_Init
                0x000000000800257c       0x80 Core/Src/tim.o
                0x000000000800257c                MX_TIM4_Init
 .text.Reset_Handler
                0x00000000080025fc       0x48 Core/Startup/startup_stm32f103c8tx.o
                0x00000000080025fc                Reset_Handler
 .text.Default_Handler
                0x0000000008002644        0x2 Core/Startup/startup_stm32f103c8tx.o
                0x0000000008002644                RTC_Alarm_IRQHandler
                0x0000000008002644                EXTI2_IRQHandler
                0x0000000008002644                TIM1_CC_IRQHandler
                0x0000000008002644                PVD_IRQHandler
                0x0000000008002644                EXTI3_IRQHandler
                0x0000000008002644                EXTI0_IRQHandler
                0x0000000008002644                I2C2_EV_IRQHandler
                0x0000000008002644                ADC1_2_IRQHandler
                0x0000000008002644                SPI1_IRQHandler
                0x0000000008002644                TAMPER_IRQHandler
                0x0000000008002644                DMA1_Channel4_IRQHandler
                0x0000000008002644                USART3_IRQHandler
                0x0000000008002644                RTC_IRQHandler
                0x0000000008002644                DMA1_Channel7_IRQHandler
                0x0000000008002644                CAN1_RX1_IRQHandler
                0x0000000008002644                I2C1_EV_IRQHandler
                0x0000000008002644                DMA1_Channel6_IRQHandler
                0x0000000008002644                TIM3_IRQHandler
                0x0000000008002644                RCC_IRQHandler
                0x0000000008002644                TIM1_TRG_COM_IRQHandler
                0x0000000008002644                DMA1_Channel1_IRQHandler
                0x0000000008002644                Default_Handler
                0x0000000008002644                EXTI15_10_IRQHandler
                0x0000000008002644                EXTI9_5_IRQHandler
                0x0000000008002644                SPI2_IRQHandler
                0x0000000008002644                DMA1_Channel5_IRQHandler
                0x0000000008002644                EXTI4_IRQHandler
                0x0000000008002644                USB_LP_CAN1_RX0_IRQHandler
                0x0000000008002644                USB_HP_CAN1_TX_IRQHandler
                0x0000000008002644                DMA1_Channel3_IRQHandler
                0x0000000008002644                TIM1_UP_IRQHandler
                0x0000000008002644                WWDG_IRQHandler
                0x0000000008002644                TIM2_IRQHandler
                0x0000000008002644                TIM1_BRK_IRQHandler
                0x0000000008002644                EXTI1_IRQHandler
                0x0000000008002644                USART2_IRQHandler
                0x0000000008002644                I2C2_ER_IRQHandler
                0x0000000008002644                DMA1_Channel2_IRQHandler
                0x0000000008002644                CAN1_SCE_IRQHandler
                0x0000000008002644                FLASH_IRQHandler
                0x0000000008002644                USART1_IRQHandler
                0x0000000008002644                I2C1_ER_IRQHandler
                0x0000000008002644                USBWakeUp_IRQHandler
 .text.LL_GPIO_SetPinMode
                0x0000000008002646       0x64 Drivers/STM32F1xx_HAL_Driver/Src/stm32f1xx_ll_gpio.o
 .text.LL_GPIO_SetPinSpeed
                0x00000000080026aa       0x64 Drivers/STM32F1xx_HAL_Driver/Src/stm32f1xx_ll_gpio.o
 .text.LL_GPIO_SetPinOutputType
                0x000000000800270e       0x64 Drivers/STM32F1xx_HAL_Driver/Src/stm32f1xx_ll_gpio.o
 .text.LL_GPIO_SetPinPull
                0x0000000008002772       0x44 Drivers/STM32F1xx_HAL_Driver/Src/stm32f1xx_ll_gpio.o
 .text.LL_GPIO_Init
                0x00000000080027b6       0xc4 Drivers/STM32F1xx_HAL_Driver/Src/stm32f1xx_ll_gpio.o
                0x00000000080027b6                LL_GPIO_Init
 .text.LL_TIM_SetPrescaler
                0x000000000800287a       0x1a Drivers/STM32F1xx_HAL_Driver/Src/stm32f1xx_ll_tim.o
 .text.LL_TIM_SetAutoReload
                0x0000000008002894       0x1a Drivers/STM32F1xx_HAL_Driver/Src/stm32f1xx_ll_tim.o
 .text.LL_TIM_SetRepetitionCounter
                0x00000000080028ae       0x1a Drivers/STM32F1xx_HAL_Driver/Src/stm32f1xx_ll_tim.o
 .text.LL_TIM_GenerateEvent_UPDATE
                0x00000000080028c8       0x1e Drivers/STM32F1xx_HAL_Driver/Src/stm32f1xx_ll_tim.o
 *fill*         0x00000000080028e6        0x2 
 .text.LL_TIM_Init
                0x00000000080028e8       0xbc Drivers/STM32F1xx_HAL_Driver/Src/stm32f1xx_ll_tim.o
                0x00000000080028e8                LL_TIM_Init
 .text.LL_InitTick
                0x00000000080029a4       0x34 Drivers/STM32F1xx_HAL_Driver/Src/stm32f1xx_ll_utils.o
 .text.LL_Init1msTick
                0x00000000080029d8       0x1a Drivers/STM32F1xx_HAL_Driver/Src/stm32f1xx_ll_utils.o
                0x00000000080029d8                LL_Init1msTick
 *fill*         0x00000000080029f2        0x2 
 .text.LL_mDelay
                0x00000000080029f4       0x48 Drivers/STM32F1xx_HAL_Driver/Src/stm32f1xx_ll_utils.o
                0x00000000080029f4                LL_mDelay
 .text.LL_SetSystemCoreClock
                0x0000000008002a3c       0x1c Drivers/STM32F1xx_HAL_Driver/Src/stm32f1xx_ll_utils.o
                0x0000000008002a3c                LL_SetSystemCoreClock
 .text.__libc_init_array
                0x0000000008002a58       0x48 c:/st/stm32cubeide_1.0.2/stm32cubeide/plugins/com.st.stm32cube.ide.mcu.externaltools.gnu-tools-for-stm32.7-2018-q2-update.win32_1.4.0.202007081208/tools/bin/../lib/gcc/arm-none-eabi/7.3.1/../../../../arm-none-eabi/lib/thumb/v7-m\libc_nano.a(lib_a-init.o)
                0x0000000008002a58                __libc_init_array
 *(.glue_7)
 .glue_7        0x0000000008002aa0        0x0 linker stubs
 *(.glue_7t)
 .glue_7t       0x0000000008002aa0        0x0 linker stubs
 *(.eh_frame)
 .eh_frame      0x0000000008002aa0        0x0 c:/st/stm32cubeide_1.0.2/stm32cubeide/plugins/com.st.stm32cube.ide.mcu.externaltools.gnu-tools-for-stm32.7-2018-q2-update.win32_1.4.0.202007081208/tools/bin/../lib/gcc/arm-none-eabi/7.3.1/thumb/v7-m/crtbegin.o
 *(.init)
 .init          0x0000000008002aa0        0x4 c:/st/stm32cubeide_1.0.2/stm32cubeide/plugins/com.st.stm32cube.ide.mcu.externaltools.gnu-tools-for-stm32.7-2018-q2-update.win32_1.4.0.202007081208/tools/bin/../lib/gcc/arm-none-eabi/7.3.1/thumb/v7-m/crti.o
                0x0000000008002aa0                _init
 .init          0x0000000008002aa4        0x8 c:/st/stm32cubeide_1.0.2/stm32cubeide/plugins/com.st.stm32cube.ide.mcu.externaltools.gnu-tools-for-stm32.7-2018-q2-update.win32_1.4.0.202007081208/tools/bin/../lib/gcc/arm-none-eabi/7.3.1/thumb/v7-m/crtn.o
 *(.fini)
 .fini          0x0000000008002aac        0x4 c:/st/stm32cubeide_1.0.2/stm32cubeide/plugins/com.st.stm32cube.ide.mcu.externaltools.gnu-tools-for-stm32.7-2018-q2-update.win32_1.4.0.202007081208/tools/bin/../lib/gcc/arm-none-eabi/7.3.1/thumb/v7-m/crti.o
                0x0000000008002aac                _fini
 .fini          0x0000000008002ab0        0x8 c:/st/stm32cubeide_1.0.2/stm32cubeide/plugins/com.st.stm32cube.ide.mcu.externaltools.gnu-tools-for-stm32.7-2018-q2-update.win32_1.4.0.202007081208/tools/bin/../lib/gcc/arm-none-eabi/7.3.1/thumb/v7-m/crtn.o
                0x0000000008002ab8                . = ALIGN (0x4)
                0x0000000008002ab8                _etext = .

.vfp11_veneer   0x0000000008002ab8        0x0
 .vfp11_veneer  0x0000000008002ab8        0x0 linker stubs

.v4_bx          0x0000000008002ab8        0x0
 .v4_bx         0x0000000008002ab8        0x0 linker stubs

.iplt           0x0000000008002ab8        0x0
 .iplt          0x0000000008002ab8        0x0 c:/st/stm32cubeide_1.0.2/stm32cubeide/plugins/com.st.stm32cube.ide.mcu.externaltools.gnu-tools-for-stm32.7-2018-q2-update.win32_1.4.0.202007081208/tools/bin/../lib/gcc/arm-none-eabi/7.3.1/thumb/v7-m/crtbegin.o

.rel.dyn        0x0000000008002ab8        0x0
 .rel.iplt      0x0000000008002ab8        0x0 c:/st/stm32cubeide_1.0.2/stm32cubeide/plugins/com.st.stm32cube.ide.mcu.externaltools.gnu-tools-for-stm32.7-2018-q2-update.win32_1.4.0.202007081208/tools/bin/../lib/gcc/arm-none-eabi/7.3.1/thumb/v7-m/crtbegin.o

.rodata         0x0000000008002ab8        0x0
                0x0000000008002ab8                . = ALIGN (0x4)
 *(.rodata)
 *(.rodata*)
                0x0000000008002ab8                . = ALIGN (0x4)

.ARM.extab      0x0000000008002ab8        0x0
                0x0000000008002ab8                . = ALIGN (0x4)
 *(.ARM.extab* .gnu.linkonce.armextab.*)
                0x0000000008002ab8                . = ALIGN (0x4)

.ARM            0x0000000008002ab8        0x0
                0x0000000008002ab8                . = ALIGN (0x4)
                0x0000000008002ab8                __exidx_start = .
 *(.ARM.exidx*)
                0x0000000008002ab8                __exidx_end = .
                0x0000000008002ab8                . = ALIGN (0x4)

.preinit_array  0x0000000008002ab8        0x0
                0x0000000008002ab8                . = ALIGN (0x4)
                0x0000000008002ab8                PROVIDE (__preinit_array_start = .)
 *(.preinit_array*)
                0x0000000008002ab8                PROVIDE (__preinit_array_end = .)
                0x0000000008002ab8                . = ALIGN (0x4)

.init_array     0x0000000008002ab8        0x4
                0x0000000008002ab8                . = ALIGN (0x4)
                0x0000000008002ab8                PROVIDE (__init_array_start = .)
 *(SORT_BY_NAME(.init_array.*))
 *(.init_array*)
 .init_array    0x0000000008002ab8        0x4 c:/st/stm32cubeide_1.0.2/stm32cubeide/plugins/com.st.stm32cube.ide.mcu.externaltools.gnu-tools-for-stm32.7-2018-q2-update.win32_1.4.0.202007081208/tools/bin/../lib/gcc/arm-none-eabi/7.3.1/thumb/v7-m/crtbegin.o
                0x0000000008002abc                PROVIDE (__init_array_end = .)
                0x0000000008002abc                . = ALIGN (0x4)

.fini_array     0x0000000008002abc        0x4
                0x0000000008002abc                . = ALIGN (0x4)
                [!provide]                        PROVIDE (__fini_array_start = .)
 *(SORT_BY_NAME(.fini_array.*))
 *(.fini_array*)
 .fini_array    0x0000000008002abc        0x4 c:/st/stm32cubeide_1.0.2/stm32cubeide/plugins/com.st.stm32cube.ide.mcu.externaltools.gnu-tools-for-stm32.7-2018-q2-update.win32_1.4.0.202007081208/tools/bin/../lib/gcc/arm-none-eabi/7.3.1/thumb/v7-m/crtbegin.o
                [!provide]                        PROVIDE (__fini_array_end = .)
                0x0000000008002ac0                . = ALIGN (0x4)
                0x0000000008002ac0                _sidata = LOADADDR (.data)

.data           0x0000000020000000        0x4 load address 0x0000000008002ac0
                0x0000000020000000                . = ALIGN (0x4)
                0x0000000020000000                _sdata = .
 *(.data)
 *(.data*)
 .data.SystemCoreClock
                0x0000000020000000        0x4 Core/Src/system_stm32f1xx.o
                0x0000000020000000                SystemCoreClock
                0x0000000020000004                . = ALIGN (0x4)
                0x0000000020000004                _edata = .

.igot.plt       0x0000000020000004        0x0 load address 0x0000000008002ac4
 .igot.plt      0x0000000020000004        0x0 c:/st/stm32cubeide_1.0.2/stm32cubeide/plugins/com.st.stm32cube.ide.mcu.externaltools.gnu-tools-for-stm32.7-2018-q2-update.win32_1.4.0.202007081208/tools/bin/../lib/gcc/arm-none-eabi/7.3.1/thumb/v7-m/crtbegin.o
                0x0000000020000004                . = ALIGN (0x4)

.bss            0x0000000020000004       0x1c load address 0x0000000008002ac4
                0x0000000020000004                _sbss = .
                0x0000000020000004                __bss_start__ = _sbss
 *(.bss)
 .bss           0x0000000020000004       0x1c c:/st/stm32cubeide_1.0.2/stm32cubeide/plugins/com.st.stm32cube.ide.mcu.externaltools.gnu-tools-for-stm32.7-2018-q2-update.win32_1.4.0.202007081208/tools/bin/../lib/gcc/arm-none-eabi/7.3.1/thumb/v7-m/crtbegin.o
 *(.bss*)
 *(COMMON)
                0x0000000020000020                . = ALIGN (0x4)
                0x0000000020000020                _ebss = .
                0x0000000020000020                __bss_end__ = _ebss

._user_heap_stack
                0x0000000020000020      0x600 load address 0x0000000008002ac4
                0x0000000020000020                . = ALIGN (0x8)
                [!provide]                        PROVIDE (end = .)
                0x0000000020000020                PROVIDE (_end = .)
                0x0000000020000220                . = (. + _Min_Heap_Size)
 *fill*         0x0000000020000020      0x200 
                0x0000000020000620                . = (. + _Min_Stack_Size)
 *fill*         0x0000000020000220      0x400 
                0x0000000020000620                . = ALIGN (0x8)

/DISCARD/
 libc.a(*)
 libm.a(*)
 libgcc.a(*)

.ARM.attributes
                0x0000000000000000       0x29
 *(.ARM.attributes)
 .ARM.attributes
                0x0000000000000000       0x1d c:/st/stm32cubeide_1.0.2/stm32cubeide/plugins/com.st.stm32cube.ide.mcu.externaltools.gnu-tools-for-stm32.7-2018-q2-update.win32_1.4.0.202007081208/tools/bin/../lib/gcc/arm-none-eabi/7.3.1/thumb/v7-m/crti.o
 .ARM.attributes
                0x000000000000001d       0x2d c:/st/stm32cubeide_1.0.2/stm32cubeide/plugins/com.st.stm32cube.ide.mcu.externaltools.gnu-tools-for-stm32.7-2018-q2-update.win32_1.4.0.202007081208/tools/bin/../lib/gcc/arm-none-eabi/7.3.1/thumb/v7-m/crtbegin.o
 .ARM.attributes
                0x000000000000004a       0x33 Core/Src/gpio.o
 .ARM.attributes
                0x000000000000007d       0x33 Core/Src/main.o
 .ARM.attributes
                0x00000000000000b0       0x33 Core/Src/stm32f1xx_it.o
 .ARM.attributes
                0x00000000000000e3       0x33 Core/Src/system_stm32f1xx.o
 .ARM.attributes
                0x0000000000000116       0x33 Core/Src/tim.o
 .ARM.attributes
                0x0000000000000149       0x21 Core/Startup/startup_stm32f103c8tx.o
 .ARM.attributes
                0x000000000000016a       0x33 Drivers/STM32F1xx_HAL_Driver/Src/stm32f1xx_ll_gpio.o
 .ARM.attributes
                0x000000000000019d       0x33 Drivers/STM32F1xx_HAL_Driver/Src/stm32f1xx_ll_tim.o
 .ARM.attributes
                0x00000000000001d0       0x33 Drivers/STM32F1xx_HAL_Driver/Src/stm32f1xx_ll_utils.o
 .ARM.attributes
                0x0000000000000203       0x2d c:/st/stm32cubeide_1.0.2/stm32cubeide/plugins/com.st.stm32cube.ide.mcu.externaltools.gnu-tools-for-stm32.7-2018-q2-update.win32_1.4.0.202007081208/tools/bin/../lib/gcc/arm-none-eabi/7.3.1/../../../../arm-none-eabi/lib/thumb/v7-m\libc_nano.a(lib_a-init.o)
 .ARM.attributes
                0x0000000000000230       0x1d c:/st/stm32cubeide_1.0.2/stm32cubeide/plugins/com.st.stm32cube.ide.mcu.externaltools.gnu-tools-for-stm32.7-2018-q2-update.win32_1.4.0.202007081208/tools/bin/../lib/gcc/arm-none-eabi/7.3.1/thumb/v7-m/crtn.o
OUTPUT(flex6400.elf elf32-littlearm)

.debug_info     0x0000000000000000     0x3b1b
 .debug_info    0x0000000000000000      0x37b Core/Src/gpio.o
 .debug_info    0x000000000000037b      0x992 Core/Src/main.o
 .debug_info    0x0000000000000d0d      0x460 Core/Src/stm32f1xx_it.o
 .debug_info    0x000000000000116d      0x3e5 Core/Src/system_stm32f1xx.o
 .debug_info    0x0000000000001552      0x9c8 Core/Src/tim.o
 .debug_info    0x0000000000001f1a       0x22 Core/Startup/startup_stm32f103c8tx.o
 .debug_info    0x0000000000001f3c      0x670 Drivers/STM32F1xx_HAL_Driver/Src/stm32f1xx_ll_gpio.o
 .debug_info    0x00000000000025ac      0xdfa Drivers/STM32F1xx_HAL_Driver/Src/stm32f1xx_ll_tim.o
 .debug_info    0x00000000000033a6      0x775 Drivers/STM32F1xx_HAL_Driver/Src/stm32f1xx_ll_utils.o

.debug_abbrev   0x0000000000000000      0xd99
 .debug_abbrev  0x0000000000000000      0x15d Core/Src/gpio.o
 .debug_abbrev  0x000000000000015d      0x1c2 Core/Src/main.o
 .debug_abbrev  0x000000000000031f      0x153 Core/Src/stm32f1xx_it.o
 .debug_abbrev  0x0000000000000472      0x134 Core/Src/system_stm32f1xx.o
 .debug_abbrev  0x00000000000005a6      0x1c1 Core/Src/tim.o
 .debug_abbrev  0x0000000000000767       0x12 Core/Startup/startup_stm32f103c8tx.o
 .debug_abbrev  0x0000000000000779      0x210 Drivers/STM32F1xx_HAL_Driver/Src/stm32f1xx_ll_gpio.o
 .debug_abbrev  0x0000000000000989      0x1ff Drivers/STM32F1xx_HAL_Driver/Src/stm32f1xx_ll_tim.o
 .debug_abbrev  0x0000000000000b88      0x211 Drivers/STM32F1xx_HAL_Driver/Src/stm32f1xx_ll_utils.o

.debug_aranges  0x0000000000000000      0x4b0
 .debug_aranges
                0x0000000000000000       0x30 Core/Src/gpio.o
 .debug_aranges
                0x0000000000000030       0xd0 Core/Src/main.o
 .debug_aranges
                0x0000000000000100       0x80 Core/Src/stm32f1xx_it.o
 .debug_aranges
                0x0000000000000180       0x28 Core/Src/system_stm32f1xx.o
 .debug_aranges
                0x00000000000001a8       0x68 Core/Src/tim.o
 .debug_aranges
                0x0000000000000210       0x28 Core/Startup/startup_stm32f103c8tx.o
 .debug_aranges
                0x0000000000000238       0x60 Drivers/STM32F1xx_HAL_Driver/Src/stm32f1xx_ll_gpio.o
 .debug_aranges
                0x0000000000000298      0x128 Drivers/STM32F1xx_HAL_Driver/Src/stm32f1xx_ll_tim.o
 .debug_aranges
                0x00000000000003c0       0xf0 Drivers/STM32F1xx_HAL_Driver/Src/stm32f1xx_ll_utils.o

.debug_ranges   0x0000000000000000      0x428
 .debug_ranges  0x0000000000000000       0x20 Core/Src/gpio.o
 .debug_ranges  0x0000000000000020       0xc0 Core/Src/main.o
 .debug_ranges  0x00000000000000e0       0x70 Core/Src/stm32f1xx_it.o
 .debug_ranges  0x0000000000000150       0x18 Core/Src/system_stm32f1xx.o
 .debug_ranges  0x0000000000000168       0x58 Core/Src/tim.o
 .debug_ranges  0x00000000000001c0       0x20 Core/Startup/startup_stm32f103c8tx.o
 .debug_ranges  0x00000000000001e0       0x50 Drivers/STM32F1xx_HAL_Driver/Src/stm32f1xx_ll_gpio.o
 .debug_ranges  0x0000000000000230      0x118 Drivers/STM32F1xx_HAL_Driver/Src/stm32f1xx_ll_tim.o
 .debug_ranges  0x0000000000000348       0xe0 Drivers/STM32F1xx_HAL_Driver/Src/stm32f1xx_ll_utils.o

.debug_macro    0x0000000000000000    0x1202d
 .debug_macro   0x0000000000000000      0x135 Core/Src/gpio.o
 .debug_macro   0x0000000000000135      0xa8a Core/Src/gpio.o
 .debug_macro   0x0000000000000bbf       0x2e Core/Src/gpio.o
 .debug_macro   0x0000000000000bed       0x22 Core/Src/gpio.o
 .debug_macro   0x0000000000000c0f       0x22 Core/Src/gpio.o
 .debug_macro   0x0000000000000c31       0x8e Core/Src/gpio.o
 .debug_macro   0x0000000000000cbf       0x51 Core/Src/gpio.o
 .debug_macro   0x0000000000000d10       0xef Core/Src/gpio.o
 .debug_macro   0x0000000000000dff       0x6a Core/Src/gpio.o
 .debug_macro   0x0000000000000e69      0x1df Core/Src/gpio.o
 .debug_macro   0x0000000000001048       0x1c Core/Src/gpio.o
 .debug_macro   0x0000000000001064       0x22 Core/Src/gpio.o
 .debug_macro   0x0000000000001086       0xc3 Core/Src/gpio.o
 .debug_macro   0x0000000000001149      0xd23 Core/Src/gpio.o
 .debug_macro   0x0000000000001e6c     0xe09e Core/Src/gpio.o
 .debug_macro   0x000000000000ff0a       0x43 Core/Src/gpio.o
 .debug_macro   0x000000000000ff4d      0x2b8 Core/Src/gpio.o
 .debug_macro   0x0000000000010205       0xd7 Core/Src/gpio.o
 .debug_macro   0x00000000000102dc       0x74 Core/Src/gpio.o
 .debug_macro   0x0000000000010350       0xd0 Core/Src/gpio.o
 .debug_macro   0x0000000000010420       0x28 Core/Src/gpio.o
 .debug_macro   0x0000000000010448       0x2a Core/Src/gpio.o
 .debug_macro   0x0000000000010472       0x90 Core/Src/gpio.o
 .debug_macro   0x0000000000010502      0x287 Core/Src/gpio.o
 .debug_macro   0x0000000000010789      0x57a Core/Src/gpio.o
 .debug_macro   0x0000000000010d03      0x22a Core/Src/gpio.o
 .debug_macro   0x0000000000010f2d      0x187 Core/Src/gpio.o
 .debug_macro   0x00000000000110b4      0x143 Core/Src/main.o
 .debug_macro   0x00000000000111f7      0x135 Core/Src/stm32f1xx_it.o
 .debug_macro   0x000000000001132c       0xc2 Core/Src/system_stm32f1xx.o
 .debug_macro   0x00000000000113ee      0x135 Core/Src/tim.o
 .debug_macro   0x0000000000011523       0xf8 Drivers/STM32F1xx_HAL_Driver/Src/stm32f1xx_ll_gpio.o
 .debug_macro   0x000000000001161b      0x224 Drivers/STM32F1xx_HAL_Driver/Src/stm32f1xx_ll_gpio.o
 .debug_macro   0x000000000001183f      0x147 Drivers/STM32F1xx_HAL_Driver/Src/stm32f1xx_ll_tim.o
 .debug_macro   0x0000000000011986      0x574 Drivers/STM32F1xx_HAL_Driver/Src/stm32f1xx_ll_tim.o
 .debug_macro   0x0000000000011efa      0x133 Drivers/STM32F1xx_HAL_Driver/Src/stm32f1xx_ll_utils.o

.debug_line     0x0000000000000000     0x3851
 .debug_line    0x0000000000000000      0x5b0 Core/Src/gpio.o
 .debug_line    0x00000000000005b0      0xb37 Core/Src/main.o
 .debug_line    0x00000000000010e7      0x685 Core/Src/stm32f1xx_it.o
 .debug_line    0x000000000000176c      0x48d Core/Src/system_stm32f1xx.o
 .debug_line    0x0000000000001bf9      0x651 Core/Src/tim.o
 .debug_line    0x000000000000224a       0x84 Core/Startup/startup_stm32f103c8tx.o
 .debug_line    0x00000000000022ce      0x600 Drivers/STM32F1xx_HAL_Driver/Src/stm32f1xx_ll_gpio.o
 .debug_line    0x00000000000028ce      0x85a Drivers/STM32F1xx_HAL_Driver/Src/stm32f1xx_ll_tim.o
 .debug_line    0x0000000000003128      0x729 Drivers/STM32F1xx_HAL_Driver/Src/stm32f1xx_ll_utils.o

.debug_str      0x0000000000000000    0x5e345
 .debug_str     0x0000000000000000    0x5b8c9 Core/Src/gpio.o
                                      0x5bb26 (size before relaxing)
 .debug_str     0x000000000005b8c9      0x2cd Core/Src/main.o
                                      0x5bdd3 (size before relaxing)
 .debug_str     0x000000000005bb96      0x112 Core/Src/stm32f1xx_it.o
                                      0x5bb9b (size before relaxing)
 .debug_str     0x000000000005bca8       0x74 Core/Src/system_stm32f1xx.o
                                      0x542f1 (size before relaxing)
 .debug_str     0x000000000005bd1c      0x40e Core/Src/tim.o
                                      0x5c045 (size before relaxing)
 .debug_str     0x000000000005c12a       0x36 Core/Startup/startup_stm32f103c8tx.o
                                         0x58 (size before relaxing)
 .debug_str     0x000000000005c160      0x42c Drivers/STM32F1xx_HAL_Driver/Src/stm32f1xx_ll_gpio.o
                                      0x55be6 (size before relaxing)
 .debug_str     0x000000000005c58c     0x12cb Drivers/STM32F1xx_HAL_Driver/Src/stm32f1xx_ll_tim.o
                                      0x5892b (size before relaxing)
 .debug_str     0x000000000005d857      0xaee Drivers/STM32F1xx_HAL_Driver/Src/stm32f1xx_ll_utils.o
                                      0x563df (size before relaxing)

.comment        0x0000000000000000       0x7b
 .comment       0x0000000000000000       0x7b Core/Src/gpio.o
                                         0x7c (size before relaxing)
 .comment       0x000000000000007b       0x7c Core/Src/main.o
 .comment       0x000000000000007b       0x7c Core/Src/stm32f1xx_it.o
 .comment       0x000000000000007b       0x7c Core/Src/system_stm32f1xx.o
 .comment       0x000000000000007b       0x7c Core/Src/tim.o
 .comment       0x000000000000007b       0x7c Drivers/STM32F1xx_HAL_Driver/Src/stm32f1xx_ll_gpio.o
 .comment       0x000000000000007b       0x7c Drivers/STM32F1xx_HAL_Driver/Src/stm32f1xx_ll_tim.o
 .comment       0x000000000000007b       0x7c Drivers/STM32F1xx_HAL_Driver/Src/stm32f1xx_ll_utils.o

.debug_frame    0x0000000000000000     0x1218
 .debug_frame   0x0000000000000000       0x84 Core/Src/gpio.o
 .debug_frame   0x0000000000000084      0x354 Core/Src/main.o
 .debug_frame   0x00000000000003d8      0x1a4 Core/Src/stm32f1xx_it.o
 .debug_frame   0x000000000000057c       0x58 Core/Src/system_stm32f1xx.o
 .debug_frame   0x00000000000005d4      0x194 Core/Src/tim.o
 .debug_frame   0x0000000000000768      0x170 Drivers/STM32F1xx_HAL_Driver/Src/stm32f1xx_ll_gpio.o
 .debug_frame   0x00000000000008d8      0x538 Drivers/STM32F1xx_HAL_Driver/Src/stm32f1xx_ll_tim.o
 .debug_frame   0x0000000000000e10      0x3dc Drivers/STM32F1xx_HAL_Driver/Src/stm32f1xx_ll_utils.o
 .debug_frame   0x00000000000011ec       0x2c c:/st/stm32cubeide_1.0.2/stm32cubeide/plugins/com.st.stm32cube.ide.mcu.externaltools.gnu-tools-for-stm32.7-2018-q2-update.win32_1.4.0.202007081208/tools/bin/../lib/gcc/arm-none-eabi/7.3.1/../../../../arm-none-eabi/lib/thumb/v7-m\libc_nano.a(lib_a-init.o)
