stm32f1xx_ll_tim.h:2923:22:LL_TIM_ClearFlag_UPDATE	16	static
stm32f1xx_ll_tim.h:2934:26:LL_TIM_IsActiveFlag_UPDATE	16	static
stm32f1xx_ll_gpio.h:862:22:LL_GPIO_TogglePin	16	static
stm32f1xx_it.c:70:6:NMI_Handler	4	static
stm32f1xx_it.c:83:6:HardFault_Handler	4	static
stm32f1xx_it.c:98:6:MemManage_Handler	4	static
stm32f1xx_it.c:113:6:BusFault_Handler	4	static
stm32f1xx_it.c:128:6:UsageFault_Handler	4	static
stm32f1xx_it.c:143:6:SVC_Handler	4	static
stm32f1xx_it.c:156:6:DebugMon_Handler	4	static
stm32f1xx_it.c:169:6:PendSV_Handler	4	static
stm32f1xx_it.c:182:6:SysTick_Handler	4	static
stm32f1xx_it.c:203:6:TIM4_IRQHandler	8	static
